Archive member included to satisfy reference by file (symbol)

c:/program files (x86)/gnu arm embedded toolchain/10 2020-q4-major/bin/../lib/gcc/arm-none-eabi/10.2.1/../../../../arm-none-eabi/lib/thumb/v7-m/nofp\libg.a(lib_a-exit.o)
                              c:/program files (x86)/gnu arm embedded toolchain/10 2020-q4-major/bin/../lib/gcc/arm-none-eabi/10.2.1/../../../../arm-none-eabi/lib/thumb/v7-m/nofp/crt0.o (exit)
c:/program files (x86)/gnu arm embedded toolchain/10 2020-q4-major/bin/../lib/gcc/arm-none-eabi/10.2.1/../../../../arm-none-eabi/lib/thumb/v7-m/nofp\libg.a(lib_a-impure.o)
                              c:/program files (x86)/gnu arm embedded toolchain/10 2020-q4-major/bin/../lib/gcc/arm-none-eabi/10.2.1/../../../../arm-none-eabi/lib/thumb/v7-m/nofp\libg.a(lib_a-exit.o) (_global_impure_ptr)
c:/program files (x86)/gnu arm embedded toolchain/10 2020-q4-major/bin/../lib/gcc/arm-none-eabi/10.2.1/../../../../arm-none-eabi/lib/thumb/v7-m/nofp\libg.a(lib_a-init.o)
                              c:/program files (x86)/gnu arm embedded toolchain/10 2020-q4-major/bin/../lib/gcc/arm-none-eabi/10.2.1/../../../../arm-none-eabi/lib/thumb/v7-m/nofp/crt0.o (__libc_init_array)
c:/program files (x86)/gnu arm embedded toolchain/10 2020-q4-major/bin/../lib/gcc/arm-none-eabi/10.2.1/../../../../arm-none-eabi/lib/thumb/v7-m/nofp\libg.a(lib_a-memcpy.o)
                              Source\USER\msc_disk.o (memcpy)
c:/program files (x86)/gnu arm embedded toolchain/10 2020-q4-major/bin/../lib/gcc/arm-none-eabi/10.2.1/../../../../arm-none-eabi/lib/thumb/v7-m/nofp\libg.a(lib_a-memmove.o)
                              Source\USER\src\class\msc\msc_device.o (memmove)
c:/program files (x86)/gnu arm embedded toolchain/10 2020-q4-major/bin/../lib/gcc/arm-none-eabi/10.2.1/../../../../arm-none-eabi/lib/thumb/v7-m/nofp\libg.a(lib_a-memset.o)
                              c:/program files (x86)/gnu arm embedded toolchain/10 2020-q4-major/bin/../lib/gcc/arm-none-eabi/10.2.1/../../../../arm-none-eabi/lib/thumb/v7-m/nofp/crt0.o (memset)
c:/program files (x86)/gnu arm embedded toolchain/10 2020-q4-major/bin/../lib/gcc/arm-none-eabi/10.2.1/../../../../arm-none-eabi/lib/thumb/v7-m/nofp\libg.a(lib_a-strlen-stub.o)
                              Source\USER\msc_disk.o (strlen)
c:/program files (x86)/gnu arm embedded toolchain/10 2020-q4-major/bin/../lib/gcc/arm-none-eabi/10.2.1/../../../../arm-none-eabi/lib/thumb/v7-m/nofp\libg.a(lib_a-__call_atexit.o)
                              c:/program files (x86)/gnu arm embedded toolchain/10 2020-q4-major/bin/../lib/gcc/arm-none-eabi/10.2.1/../../../../arm-none-eabi/lib/thumb/v7-m/nofp\libg.a(lib_a-exit.o) (__call_exitprocs)
c:/program files (x86)/gnu arm embedded toolchain/10 2020-q4-major/bin/../lib/gcc/arm-none-eabi/10.2.1/../../../../arm-none-eabi/lib/thumb/v7-m/nofp\libg.a(lib_a-atexit.o)
                              c:/program files (x86)/gnu arm embedded toolchain/10 2020-q4-major/bin/../lib/gcc/arm-none-eabi/10.2.1/../../../../arm-none-eabi/lib/thumb/v7-m/nofp\libg.a(lib_a-__call_atexit.o) (atexit)
c:/program files (x86)/gnu arm embedded toolchain/10 2020-q4-major/bin/../lib/gcc/arm-none-eabi/10.2.1/../../../../arm-none-eabi/lib/thumb/v7-m/nofp\libg.a(lib_a-fini.o)
                              c:/program files (x86)/gnu arm embedded toolchain/10 2020-q4-major/bin/../lib/gcc/arm-none-eabi/10.2.1/../../../../arm-none-eabi/lib/thumb/v7-m/nofp\libg.a(lib_a-__call_atexit.o) (__libc_fini_array)
c:/program files (x86)/gnu arm embedded toolchain/10 2020-q4-major/bin/../lib/gcc/arm-none-eabi/10.2.1/../../../../arm-none-eabi/lib/thumb/v7-m/nofp\libg.a(lib_a-lock.o)
                              c:/program files (x86)/gnu arm embedded toolchain/10 2020-q4-major/bin/../lib/gcc/arm-none-eabi/10.2.1/../../../../arm-none-eabi/lib/thumb/v7-m/nofp\libg.a(lib_a-__call_atexit.o) (__retarget_lock_acquire_recursive)
c:/program files (x86)/gnu arm embedded toolchain/10 2020-q4-major/bin/../lib/gcc/arm-none-eabi/10.2.1/../../../../arm-none-eabi/lib/thumb/v7-m/nofp\libg.a(lib_a-__atexit.o)
                              c:/program files (x86)/gnu arm embedded toolchain/10 2020-q4-major/bin/../lib/gcc/arm-none-eabi/10.2.1/../../../../arm-none-eabi/lib/thumb/v7-m/nofp\libg.a(lib_a-atexit.o) (__register_exitproc)

Discarded input sections

 .text          0x00000000        0x0 c:/program files (x86)/gnu arm embedded toolchain/10 2020-q4-major/bin/../lib/gcc/arm-none-eabi/10.2.1/thumb/v7-m/nofp/crti.o
 .data          0x00000000        0x0 c:/program files (x86)/gnu arm embedded toolchain/10 2020-q4-major/bin/../lib/gcc/arm-none-eabi/10.2.1/thumb/v7-m/nofp/crti.o
 .bss           0x00000000        0x0 c:/program files (x86)/gnu arm embedded toolchain/10 2020-q4-major/bin/../lib/gcc/arm-none-eabi/10.2.1/thumb/v7-m/nofp/crti.o
 .data          0x00000000        0x4 c:/program files (x86)/gnu arm embedded toolchain/10 2020-q4-major/bin/../lib/gcc/arm-none-eabi/10.2.1/thumb/v7-m/nofp/crtbegin.o
[...]
Memory Configuration

Name             Origin             Length             Attributes
FLASH            0x08000000         0x00080000         xr
RAM              0x20000000         0x00020000         xrw
*default*        0x00000000         0xffffffff

Linker script and memory map

LOAD c:/program files (x86)/gnu arm embedded toolchain/10 2020-q4-major/bin/../lib/gcc/arm-none-eabi/10.2.1/thumb/v7-m/nofp/crti.o
LOAD c:/program files (x86)/gnu arm embedded toolchain/10 2020-q4-major/bin/../lib/gcc/arm-none-eabi/10.2.1/thumb/v7-m/nofp/crtbegin.o
LOAD c:/program files (x86)/gnu arm embedded toolchain/10 2020-q4-major/bin/../lib/gcc/arm-none-eabi/10.2.1/../../../../arm-none-eabi/lib/thumb/v7-m/nofp/crt0.o
LOAD Source\Device\MM32F327x\HAL_Lib\Src\hal_adc.o
LOAD Source\Device\MM32F327x\HAL_Lib\Src\hal_bkp.o
LOAD Source\Device\MM32F327x\HAL_Lib\Src\hal_can.o
LOAD Source\Device\MM32F327x\HAL_Lib\Src\hal_comp.o
LOAD Source\Device\MM32F327x\HAL_Lib\Src\hal_crc.o
LOAD Source\Device\MM32F327x\HAL_Lib\Src\hal_crs.o
LOAD Source\Device\MM32F327x\HAL_Lib\Src\hal_dac.o
LOAD Source\Device\MM32F327x\HAL_Lib\Src\hal_dbg.o
LOAD Source\Device\MM32F327x\HAL_Lib\Src\hal_dma.o
LOAD Source\Device\MM32F327x\HAL_Lib\Src\hal_eth.o
LOAD Source\Device\MM32F327x\HAL_Lib\Src\hal_exti.o
LOAD Source\Device\MM32F327x\HAL_Lib\Src\hal_flash.o
LOAD Source\Device\MM32F327x\HAL_Lib\Src\hal_fsmc.o
LOAD Source\Device\MM32F327x\HAL_Lib\Src\hal_gpio.o
LOAD Source\Device\MM32F327x\HAL_Lib\Src\hal_i2c.o
LOAD Source\Device\MM32F327x\HAL_Lib\Src\hal_iwdg.o
LOAD Source\Device\MM32F327x\HAL_Lib\Src\hal_misc.o
LOAD Source\Device\MM32F327x\HAL_Lib\Src\hal_pwr.o
LOAD Source\Device\MM32F327x\HAL_Lib\Src\hal_rcc.o
LOAD Source\Device\MM32F327x\HAL_Lib\Src\hal_rtc.o
LOAD Source\Device\MM32F327x\HAL_Lib\Src\hal_sdio.o
LOAD Source\Device\MM32F327x\HAL_Lib\Src\hal_spi.o
LOAD Source\Device\MM32F327x\HAL_Lib\Src\hal_tim.o
LOAD Source\Device\MM32F327x\HAL_Lib\Src\hal_uart.o
LOAD Source\Device\MM32F327x\HAL_Lib\Src\hal_uid.o
LOAD Source\Device\MM32F327x\HAL_Lib\Src\hal_ver.o
LOAD Source\Device\MM32F327x\HAL_Lib\Src\hal_wwdg.o
LOAD Source\Device\MM32F327x\Source\GCC_StartAsm\startup_mm32m3ux_u_gcc.o
LOAD Source\Device\MM32F327x\Source\system_mm32f327x.o
LOAD Source\HARDWARE\LED\exti.o
LOAD Source\HARDWARE\LED\led.o
LOAD Source\SYSTEM\DELAY\delay.o
LOAD Source\USER\main.o
LOAD Source\USER\msc_disk.o
LOAD Source\USER\src\class\audio\audio_device.o
LOAD Source\USER\src\class\bth\bth_device.o
LOAD Source\USER\src\class\cdc\cdc_device.o
LOAD Source\USER\src\class\cdc\cdc_host.o
LOAD Source\USER\src\class\cdc\cdc_rndis_host.o
LOAD Source\USER\src\class\dfu\dfu_rt_device.o
LOAD Source\USER\src\class\hid\hid_device.o
LOAD Source\USER\src\class\hid\hid_host.o
LOAD Source\USER\src\class\midi\midi_device.o
LOAD Source\USER\src\class\msc\msc_device.o
LOAD Source\USER\src\class\msc\msc_host.o
LOAD Source\USER\src\class\net\net_device.o
LOAD Source\USER\src\class\usbtmc\usbtmc_device.o
LOAD Source\USER\src\class\vendor\vendor_device.o
LOAD Source\USER\src\class\vendor\vendor_host.o
LOAD Source\USER\src\common\tusb_fifo.o
LOAD Source\USER\src\device\usbd.o
LOAD Source\USER\src\device\usbd_control.o
LOAD Source\USER\src\host\hub.o
LOAD Source\USER\src\host\usbh.o
LOAD Source\USER\src\host\usbh_control.o
LOAD Source\USER\src\portable\dialog\da146xx\dcd_da146xx.o
LOAD Source\USER\src\portable\ehci\ehci.o
LOAD Source\USER\src\portable\espressif\esp32sx\dcd_esp32sx.o
LOAD Source\USER\src\portable\microchip\samd\dcd_samd.o
LOAD Source\USER\src\portable\microchip\samg\dcd_samg.o
LOAD Source\USER\src\portable\mm32\dcd_mm32f327x_otg.o
LOAD Source\USER\src\portable\nordic\nrf5x\dcd_nrf5x.o
LOAD Source\USER\src\portable\nuvoton\nuc120\dcd_nuc120.o
LOAD Source\USER\src\portable\nuvoton\nuc121\dcd_nuc121.o
LOAD Source\USER\src\portable\nuvoton\nuc505\dcd_nuc505.o
LOAD Source\USER\src\portable\ohci\ohci.o
LOAD Source\USER\src\portable\raspberrypi\rp2040\dcd_rp2040.o
LOAD Source\USER\src\portable\raspberrypi\rp2040\hcd_rp2040.o
LOAD Source\USER\src\portable\raspberrypi\rp2040\rp2040_usb.o
LOAD Source\USER\src\portable\renesas\usba\dcd_usba.o
LOAD Source\USER\src\portable\silabs\efm32\dcd_efm32.o
LOAD Source\USER\src\portable\sony\cxd56\dcd_cxd56.o
LOAD Source\USER\src\portable\st\stm32_fsdev\dcd_stm32_fsdev.o
LOAD Source\USER\src\portable\st\synopsys\dcd_synopsys.o
LOAD Source\USER\src\portable\template\dcd_template.o
LOAD Source\USER\src\portable\ti\msp430x5xx\dcd_msp430x5xx.o
LOAD Source\USER\src\portable\valentyusb\eptri\dcd_eptri.o
LOAD Source\USER\src\tusb.o
LOAD Source\USER\usb_descriptors.o
START GROUP
LOAD c:/program files (x86)/gnu arm embedded toolchain/10 2020-q4-major/bin/../lib/gcc/arm-none-eabi/10.2.1/thumb/v7-m/nofp\libgcc.a
LOAD c:/program files (x86)/gnu arm embedded toolchain/10 2020-q4-major/bin/../lib/gcc/arm-none-eabi/10.2.1/../../../../arm-none-eabi/lib/thumb/v7-m/nofp\libg.a
LOAD c:/program files (x86)/gnu arm embedded toolchain/10 2020-q4-major/bin/../lib/gcc/arm-none-eabi/10.2.1/../../../../arm-none-eabi/lib/thumb/v7-m/nofp\libc.a
END GROUP
LOAD c:/program files (x86)/gnu arm embedded toolchain/10 2020-q4-major/bin/../lib/gcc/arm-none-eabi/10.2.1/thumb/v7-m/nofp/crtend.o
LOAD c:/program files (x86)/gnu arm embedded toolchain/10 2020-q4-major/bin/../lib/gcc/arm-none-eabi/10.2.1/thumb/v7-m/nofp/crtn.o
                0x2001ffff                _estack = 0x2001ffff
                0x00000200                _Min_Heap_Size = 0x200
                0x00000400                _Min_Stack_Size = 0x400

.isr_vector     0x08000000      0x190
                0x08000000                . = ALIGN (0x4)
 *(.isr_vector)
 .isr_vector    0x08000000      0x190 Source\Device\MM32F327x\Source\GCC_StartAsm\startup_mm32m3ux_u_gcc.o
                0x08000000                g_pfnVectors
                0x08000190                . = ALIGN (0x4)

.text           0x08000190     0x59f0
                0x08000190                . = ALIGN (0x4)
 *(.text)
 .text          0x08000190       0x40 c:/program files (x86)/gnu arm embedded toolchain/10 2020-q4-major/bin/../lib/gcc/arm-none-eabi/10.2.1/thumb/v7-m/nofp/crtbegin.o
 .text          0x080001d0       0xec c:/program files (x86)/gnu arm embedded toolchain/10 2020-q4-major/bin/../lib/gcc/arm-none-eabi/10.2.1/../../../../arm-none-eabi/lib/thumb/v7-m/nofp\libg.a(lib_a-memcpy.o)
                0x080001d0                memcpy
 *(.text*)
 .text.EXTI_ClearFlag
                0x080002bc       0x20 Source\Device\MM32F327x\HAL_Lib\Src\hal_exti.o
                0x080002bc                EXTI_ClearFlag
 .text.GPIO_Init
                0x080002dc      0x10a Source\Device\MM32F327x\HAL_Lib\Src\hal_gpio.o
                0x080002dc                GPIO_Init
 .text.GPIO_StructInit
                0x080003e6       0x26 Source\Device\MM32F327x\HAL_Lib\Src\hal_gpio.o
                0x080003e6                GPIO_StructInit
 .text.GPIO_ReadInputDataBit
                0x0800040c       0x28 Source\Device\MM32F327x\HAL_Lib\Src\hal_gpio.o
                0x0800040c                GPIO_ReadInputDataBit
 .text.GPIO_ReadOutputDataBit
                0x08000434       0x28 Source\Device\MM32F327x\HAL_Lib\Src\hal_gpio.o
                0x08000434                GPIO_ReadOutputDataBit
 .text.GPIO_SetBits
                0x0800045c       0x1c Source\Device\MM32F327x\HAL_Lib\Src\hal_gpio.o
                0x0800045c                GPIO_SetBits
 .text.GPIO_ResetBits
                0x08000478       0x1c Source\Device\MM32F327x\HAL_Lib\Src\hal_gpio.o
                0x08000478                GPIO_ResetBits
 .text.GPIO_PinAFConfig
                0x08000494       0x56 Source\Device\MM32F327x\HAL_Lib\Src\hal_gpio.o
                0x08000494                GPIO_PinAFConfig
 *fill*         0x080004ea        0x2 
 .text.RCC_AHBPeriphClockCmd
                0x080004ec       0x3c Source\Device\MM32F327x\HAL_Lib\Src\hal_rcc.o
                0x080004ec                RCC_AHBPeriphClockCmd
 .text.Reset_Handler
                0x08000528       0x48 Source\Device\MM32F327x\Source\GCC_StartAsm\startup_mm32m3ux_u_gcc.o
                0x08000528                Reset_Handler
 .text.Default_Handler
                0x08000570        0x2 Source\Device\MM32F327x\Source\GCC_StartAsm\startup_mm32m3ux_u_gcc.o
                0x08000570                TIM8_TRG_COM_IRQHandler
                0x08000570                TIM8_CC_IRQHandler
                0x08000570                DebugMon_Handler
                0x08000570                UART8_IRQHandler
                0x08000570                TIM1_CC_IRQHandler
                0x08000570                HardFault_Handler
                0x08000570                CAN1_RX_IRQHandler
                0x08000570                TIM6_IRQHandler
                0x08000570                PVD_IRQHandler
                0x08000570                SDIO_IRQHandler
                0x08000570                PendSV_Handler
                0x08000570                NMI_Handler
                0x08000570                EXTI3_IRQHandler
                0x08000570                I2C1_IRQHandler
                0x08000570                UART1_IRQHandler
                0x08000570                RCC_CRS_IRQHandler
                0x08000570                UsageFault_Handler
                0x08000570                ADC1_2_IRQHandler
                0x08000570                SPI1_IRQHandler
                0x08000570                TAMPER_IRQHandler
                0x08000570                TIM8_UP_IRQHandler
                0x08000570                DMA2_Channel2_IRQHandler
                0x08000570                DMA1_Channel4_IRQHandler
                0x08000570                I2C2_IRQHandler
                0x08000570                RTC_IRQHandler
                0x08000570                DMA1_Channel7_IRQHandler
                0x08000570                UART5_IRQHandler
                0x08000570                ADC3_IRQHandler
                0x08000570                TIM4_IRQHandler
                0x08000570                DMA2_Channel1_IRQHandler
                0x08000570                UART2_IRQHandler
                0x08000570                DMA1_Channel6_IRQHandler
                0x08000570                UART4_IRQHandler
                0x08000570                DMA2_Channel4_IRQHandler
                0x08000570                TIM3_IRQHandler
                0x08000570                TIM1_TRG_COM_IRQHandler
                0x08000570                DMA1_Channel1_IRQHandler
                0x08000570                Default_Handler
                0x08000570                TIM7_IRQHandler
                0x08000570                TIM5_IRQHandler
                0x08000570                EXTI9_5_IRQHandler
                0x08000570                SPI2_IRQHandler
                0x08000570                MemManage_Handler
                0x08000570                SVC_Handler
                0x08000570                DMA2_Channel5_IRQHandler
                0x08000570                FlashCache_IRQHandler
                0x08000570                DMA1_Channel5_IRQHandler
                0x08000570                EXTI4_IRQHandler
                0x08000570                COMP1_2_IRQHandler
                0x08000570                DMA1_Channel3_IRQHandler
                0x08000570                ETH_IRQHandler
                0x08000570                TIM1_UP_IRQHandler
                0x08000570                WWDG_IRQHandler
                0x08000570                TIM2_IRQHandler
                0x08000570                OTG_FS_WKUP_IRQHandler
                0x08000570                TIM1_BRK_IRQHandler
                0x08000570                RTCAlarm_IRQHandler
                0x08000570                UART7_IRQHandler
                0x08000570                UART6_IRQHandler
                0x08000570                DMA1_Channel2_IRQHandler
                0x08000570                TIM8_BRK_IRQHandler
                0x08000570                FLASH_IRQHandler
                0x08000570                BusFault_Handler
                0x08000570                SPI3_IRQHandler
                0x08000570                UART3_IRQHandler
                0x08000570                DMA2_Channel3_IRQHandler
 *fill*         0x08000572        0x2 
 .text.SystemInit
                0x08000574       0x6c Source\Device\MM32F327x\Source\system_mm32f327x.o
                0x08000574                SystemInit
 .text.AutoCalPllFactor
                0x080005e0       0xa4 Source\Device\MM32F327x\Source\system_mm32f327x.o
                0x080005e0                AutoCalPllFactor
 .text.DELAY_xUs
                0x08000684       0x5c Source\Device\MM32F327x\Source\system_mm32f327x.o
 .text.SetSysClock
                0x080006e0       0x38 Source\Device\MM32F327x\Source\system_mm32f327x.o
 .text.SetSysClockToXX
                0x08000718      0x23c Source\Device\MM32F327x\Source\system_mm32f327x.o
 .text.EXTI0_IRQHandler
                0x08000954       0x64 Source\HARDWARE\LED\exti.o
                0x08000954                EXTI0_IRQHandler
 .text.EXTI1_IRQHandler
                0x080009b8       0x68 Source\HARDWARE\LED\exti.o
                0x080009b8                EXTI1_IRQHandler
 .text.EXTI2_IRQHandler
                0x08000a20       0x64 Source\HARDWARE\LED\exti.o
                0x08000a20                EXTI2_IRQHandler
 .text.EXTI15_10_IRQHandler
                0x08000a84       0x68 Source\HARDWARE\LED\exti.o
                0x08000a84                EXTI15_10_IRQHandler
 .text.LED_Init
                0x08000aec       0xc8 Source\HARDWARE\LED\led.o
                0x08000aec                LED_Init
 .text.TimingDelayDecrement
                0x08000bb4       0x24 Source\SYSTEM\DELAY\delay.o
 .text.SysTick_Handler
                0x08000bd8        0xc Source\SYSTEM\DELAY\delay.o
                0x08000bd8                SysTick_Handler
 .text.tud_cdc_available
                0x08000be4       0x10 Source\USER\main.o
 .text.tud_cdc_read
                0x08000bf4       0x1e Source\USER\main.o
 .text.tud_cdc_write
                0x08000c12       0x1e Source\USER\main.o
 .text.tud_cdc_write_flush
                0x08000c30       0x10 Source\USER\main.o
 .text.USB_DeviceClockInit
                0x08000c40       0x34 Source\USER\main.o
                0x08000c40                USB_DeviceClockInit
 .text.main     0x08000c74       0x1a Source\USER\main.o
                0x08000c74                main
 .text.OTG_FS_IRQHandler
                0x08000c8e        0xe Source\USER\main.o
                0x08000c8e                OTG_FS_IRQHandler
 .text.tud_mount_cb
                0x08000c9c       0x18 Source\USER\main.o
                0x08000c9c                tud_mount_cb
 .text.tud_umount_cb
                0x08000cb4       0x18 Source\USER\main.o
                0x08000cb4                tud_umount_cb
 .text.tud_suspend_cb
                0x08000ccc       0x20 Source\USER\main.o
                0x08000ccc                tud_suspend_cb
 .text.tud_resume_cb
                0x08000cec       0x18 Source\USER\main.o
                0x08000cec                tud_resume_cb
 .text.cdc_task
                0x08000d04       0x32 Source\USER\main.o
                0x08000d04                cdc_task
 .text.tud_cdc_line_state_cb
                0x08000d36       0x1c Source\USER\main.o
                0x08000d36                tud_cdc_line_state_cb
 .text.tud_cdc_rx_cb
                0x08000d52       0x14 Source\USER\main.o
                0x08000d52                tud_cdc_rx_cb
 *fill*         0x08000d66        0x2 
 .text.tud_msc_inquiry_cb
                0x08000d68       0x8c Source\USER\msc_disk.o
                0x08000d68                tud_msc_inquiry_cb
 .text.tud_msc_test_unit_ready_cb
                0x08000df4       0x30 Source\USER\msc_disk.o
                0x08000df4                tud_msc_test_unit_ready_cb
 .text.tud_msc_capacity_cb
                0x08000e24       0x26 Source\USER\msc_disk.o
                0x08000e24                tud_msc_capacity_cb
 *fill*         0x08000e4a        0x2 
 .text.tud_msc_start_stop_cb
                0x08000e4c       0x40 Source\USER\msc_disk.o
                0x08000e4c                tud_msc_start_stop_cb
 .text.tud_msc_read10_cb
                0x08000e8c       0x38 Source\USER\msc_disk.o
                0x08000e8c                tud_msc_read10_cb
 .text.tud_msc_write10_cb
                0x08000ec4       0x38 Source\USER\msc_disk.o
                0x08000ec4                tud_msc_write10_cb
 .text.tud_msc_scsi_cb
                0x08000efc       0x76 Source\USER\msc_disk.o
                0x08000efc                tud_msc_scsi_cb
 .text.tu_desc_next
                0x08000f72       0x20 Source\USER\src\class\cdc\cdc_device.o
 .text.tu_desc_type
                0x08000f92       0x18 Source\USER\src\class\cdc\cdc_device.o
 .text.tu_desc_len
                0x08000faa       0x16 Source\USER\src\class\cdc\cdc_device.o
 .text._prep_out_transaction
                0x08000fc0       0x7e Source\USER\src\class\cdc\cdc_device.o
 *fill*         0x0800103e        0x2 
 .text.tud_cdc_n_available
                0x08001040       0x30 Source\USER\src\class\cdc\cdc_device.o
                0x08001040                tud_cdc_n_available
 .text.tud_cdc_n_read
                0x08001070       0x48 Source\USER\src\class\cdc\cdc_device.o
                0x08001070                tud_cdc_n_read
 .text.tud_cdc_n_write
                0x080010b8       0x58 Source\USER\src\class\cdc\cdc_device.o
                0x080010b8                tud_cdc_n_write
 .text.tud_cdc_n_write_flush
                0x08001110       0xf8 Source\USER\src\class\cdc\cdc_device.o
                0x08001110                tud_cdc_n_write_flush
 .text.cdcd_init
                0x08001208       0xa4 Source\USER\src\class\cdc\cdc_device.o
                0x08001208                cdcd_init
 .text.cdcd_reset
                0x080012ac       0x64 Source\USER\src\class\cdc\cdc_device.o
                0x080012ac                cdcd_reset
 .text.cdcd_open
                0x08001310      0x1e4 Source\USER\src\class\cdc\cdc_device.o
                0x08001310                cdcd_open
 .text.cdcd_control_xfer_cb
                0x080014f4      0x1d0 Source\USER\src\class\cdc\cdc_device.o
                0x080014f4                cdcd_control_xfer_cb
 .text.cdcd_xfer_cb
                0x080016c4      0x198 Source\USER\src\class\cdc\cdc_device.o
                0x080016c4                cdcd_xfer_cb
 .text.tu_desc_next
                0x0800185c       0x20 Source\USER\src\class\msc\msc_device.o
 .text.rdwr10_get_lba
                0x0800187c       0x22 Source\USER\src\class\msc\msc_device.o
 .text.rdwr10_get_blockcount
                0x0800189e       0x24 Source\USER\src\class\msc\msc_device.o
 *fill*         0x080018c2        0x2 
 .text.tud_msc_set_sense
                0x080018c4       0x48 Source\USER\src\class\msc\msc_device.o
                0x080018c4                tud_msc_set_sense
 .text.mscd_init
                0x0800190c       0x18 Source\USER\src\class\msc\msc_device.o
                0x0800190c                mscd_init
 .text.mscd_reset
                0x08001924       0x20 Source\USER\src\class\msc\msc_device.o
                0x08001924                mscd_reset
 .text.mscd_open
                0x08001944       0xdc Source\USER\src\class\msc\msc_device.o
                0x08001944                mscd_open
 .text.mscd_control_xfer_cb
                0x08001a20       0x8c Source\USER\src\class\msc\msc_device.o
                0x08001a20                mscd_control_xfer_cb
 .text.mscd_xfer_cb
                0x08001aac      0x574 Source\USER\src\class\msc\msc_device.o
                0x08001aac                mscd_xfer_cb
 .text.proc_builtin_scsi
                0x08002020      0x3f0 Source\USER\src\class\msc\msc_device.o
 .text.proc_read10_cmd
                0x08002410      0x160 Source\USER\src\class\msc\msc_device.o
 .text.proc_write10_cmd
                0x08002570       0xd0 Source\USER\src\class\msc\msc_device.o
 .text.tu_fifo_config
                0x08002640       0x6e Source\USER\src\common\tusb_fifo.o
                0x08002640                tu_fifo_config
 .text._ff_mod  0x080026ae       0x2e Source\USER\src\common\tusb_fifo.o
 .text._ff_push_const_addr
                0x080026dc       0x68 Source\USER\src\common\tusb_fifo.o
 .text._ff_pull_const_addr
                0x08002744       0x66 Source\USER\src\common\tusb_fifo.o
 .text._ff_push
                0x080027aa       0x32 Source\USER\src\common\tusb_fifo.o
 .text._ff_push_n
                0x080027dc      0x198 Source\USER\src\common\tusb_fifo.o
 .text._ff_pull
                0x08002974       0x32 Source\USER\src\common\tusb_fifo.o
 .text._ff_pull_n
                0x080029a6      0x19c Source\USER\src\common\tusb_fifo.o
 .text.advance_pointer
                0x08002b42       0x44 Source\USER\src\common\tusb_fifo.o
 .text.backward_pointer
                0x08002b86       0x44 Source\USER\src\common\tusb_fifo.o
 .text.get_relative_pointer
                0x08002bca       0x24 Source\USER\src\common\tusb_fifo.o
 .text._tu_fifo_count
                0x08002bee       0x36 Source\USER\src\common\tusb_fifo.o
 .text._tu_fifo_empty
                0x08002c24       0x28 Source\USER\src\common\tusb_fifo.o
 .text._tu_fifo_full
                0x08002c4c       0x36 Source\USER\src\common\tusb_fifo.o
 .text._tu_fifo_correct_read_pointer
                0x08002c82       0x2a Source\USER\src\common\tusb_fifo.o
 .text._tu_fifo_peek
                0x08002cac       0x6e Source\USER\src\common\tusb_fifo.o
 .text._tu_fifo_peek_n
                0x08002d1a       0x88 Source\USER\src\common\tusb_fifo.o
 .text._tu_fifo_remaining
                0x08002da2       0x2e Source\USER\src\common\tusb_fifo.o
 .text._tu_fifo_write_n
                0x08002dd0       0xd0 Source\USER\src\common\tusb_fifo.o
 .text._tu_fifo_read_n
                0x08002ea0       0x5c Source\USER\src\common\tusb_fifo.o
 .text.tu_fifo_count
                0x08002efc       0x3c Source\USER\src\common\tusb_fifo.o
                0x08002efc                tu_fifo_count
 .text.tu_fifo_empty
                0x08002f38       0x26 Source\USER\src\common\tusb_fifo.o
                0x08002f38                tu_fifo_empty
 .text.tu_fifo_remaining
                0x08002f5e       0x26 Source\USER\src\common\tusb_fifo.o
                0x08002f5e                tu_fifo_remaining
 .text.tu_fifo_read
                0x08002f84       0x46 Source\USER\src\common\tusb_fifo.o
                0x08002f84                tu_fifo_read
 .text.tu_fifo_read_n
                0x08002fca       0x24 Source\USER\src\common\tusb_fifo.o
                0x08002fca                tu_fifo_read_n
 .text.tu_fifo_write
                0x08002fee       0x70 Source\USER\src\common\tusb_fifo.o
                0x08002fee                tu_fifo_write
 .text.tu_fifo_write_n
                0x0800305e       0x24 Source\USER\src\common\tusb_fifo.o
                0x0800305e                tu_fifo_write_n
 .text.tu_fifo_clear
                0x08003082       0x3e Source\USER\src\common\tusb_fifo.o
                0x08003082                tu_fifo_clear
 .text.tu_fifo_set_overwritable
                0x080030c0       0x1e Source\USER\src\common\tusb_fifo.o
                0x080030c0                tu_fifo_set_overwritable
 .text.tu_edpt_dir
                0x080030de       0x1a Source\USER\src\device\usbd.o
 .text.tu_edpt_number
                0x080030f8       0x1c Source\USER\src\device\usbd.o
 .text.tu_desc_next
                0x08003114       0x20 Source\USER\src\device\usbd.o
 .text.tu_desc_type
                0x08003134       0x18 Source\USER\src\device\usbd.o
 .text.tu_desc_len
                0x0800314c       0x16 Source\USER\src\device\usbd.o
 .text._osal_q_lock
                0x08003162       0x1e Source\USER\src\device\usbd.o
 .text._osal_q_unlock
                0x08003180       0x1e Source\USER\src\device\usbd.o
 .text.osal_queue_create
                0x0800319e       0x1c Source\USER\src\device\usbd.o
 .text.osal_queue_receive
                0x080031ba       0x30 Source\USER\src\device\usbd.o
 *fill*         0x080031ea        0x2 
 .text.osal_queue_send
                0x080031ec       0x74 Source\USER\src\device\usbd.o
 .text.get_driver
                0x08003260       0x68 Source\USER\src\device\usbd.o
 .text.tud_mounted
                0x080032c8       0x20 Source\USER\src\device\usbd.o
                0x080032c8                tud_mounted
 .text.tud_suspended
                0x080032e8       0x24 Source\USER\src\device\usbd.o
                0x080032e8                tud_suspended
 .text.tud_inited
                0x0800330c       0x14 Source\USER\src\device\usbd.o
                0x0800330c                tud_inited
 .text.tud_init
                0x08003320       0xc8 Source\USER\src\device\usbd.o
                0x08003320                tud_init
 .text.usbd_reset
                0x080033e8       0x70 Source\USER\src\device\usbd.o
 .text.tud_task
                0x08003458      0x26c Source\USER\src\device\usbd.o
                0x08003458                tud_task
 .text.invoke_class_control
                0x080036c4       0x2e Source\USER\src\device\usbd.o
 *fill*         0x080036f2        0x2 
 .text.process_control_request
                0x080036f4      0x4a8 Source\USER\src\device\usbd.o
 .text.process_set_config
                0x08003b9c      0x244 Source\USER\src\device\usbd.o
 .text.mark_interface_endpoint
                0x08003de0       0x78 Source\USER\src\device\usbd.o
 .text.process_get_descriptor
                0x08003e58      0x190 Source\USER\src\device\usbd.o
 .text.dcd_event_handler
                0x08003fe8       0xec Source\USER\src\device\usbd.o
                0x08003fe8                dcd_event_handler
 .text.dcd_event_bus_signal
                0x080040d4       0x3c Source\USER\src\device\usbd.o
                0x080040d4                dcd_event_bus_signal
 .text.dcd_event_bus_reset
                0x08004110       0x40 Source\USER\src\device\usbd.o
                0x08004110                dcd_event_bus_reset
 .text.dcd_event_setup_received
                0x08004150       0x46 Source\USER\src\device\usbd.o
                0x08004150                dcd_event_setup_received
 .text.dcd_event_xfer_complete
                0x08004196       0x4e Source\USER\src\device\usbd.o
                0x08004196                dcd_event_xfer_complete
 .text.usbd_open_edpt_pair
                0x080041e4       0xc4 Source\USER\src\device\usbd.o
                0x080041e4                usbd_open_edpt_pair
 .text.usbd_edpt_open
                0x080042a8      0x134 Source\USER\src\device\usbd.o
                0x080042a8                usbd_edpt_open
 .text.usbd_edpt_claim
                0x080043dc       0xa4 Source\USER\src\device\usbd.o
                0x080043dc                usbd_edpt_claim
 .text.usbd_edpt_release
                0x08004480       0xa0 Source\USER\src\device\usbd.o
                0x08004480                usbd_edpt_release
 .text.usbd_edpt_xfer
                0x08004520       0xe0 Source\USER\src\device\usbd.o
                0x08004520                usbd_edpt_xfer
 .text.usbd_edpt_stall
                0x08004600       0x70 Source\USER\src\device\usbd.o
                0x08004600                usbd_edpt_stall
 .text.usbd_edpt_clear_stall
                0x08004670       0x70 Source\USER\src\device\usbd.o
                0x08004670                usbd_edpt_clear_stall
 .text.usbd_edpt_stalled
                0x080046e0       0x4c Source\USER\src\device\usbd.o
                0x080046e0                usbd_edpt_stalled
 .text.tu_edpt_dir
                0x0800472c       0x1a Source\USER\src\device\usbd_control.o
 .text._status_stage_xact
                0x08004746       0x38 Source\USER\src\device\usbd_control.o
 *fill*         0x0800477e        0x2 
 .text.tud_control_status
                0x08004780       0x40 Source\USER\src\device\usbd_control.o
                0x08004780                tud_control_status
 .text._data_stage_xact
                0x080047c0       0x7c Source\USER\src\device\usbd_control.o
 .text.tud_control_xfer
                0x0800483c       0xe0 Source\USER\src\device\usbd_control.o
                0x0800483c                tud_control_xfer
 .text.usbd_control_reset
                0x0800491c       0x18 Source\USER\src\device\usbd_control.o
                0x0800491c                usbd_control_reset
 .text.usbd_control_set_complete_callback
                0x08004934       0x1c Source\USER\src\device\usbd_control.o
                0x08004934                usbd_control_set_complete_callback
 .text.usbd_control_set_request
                0x08004950       0x34 Source\USER\src\device\usbd_control.o
                0x08004950                usbd_control_set_request
 .text.usbd_control_xfer_cb
                0x08004984      0x174 Source\USER\src\device\usbd_control.o
                0x08004984                usbd_control_xfer_cb
 .text.__NVIC_EnableIRQ
                0x08004af8       0x38 Source\USER\src\portable\mm32\dcd_mm32f327x_otg.o
 .text.__NVIC_DisableIRQ
                0x08004b30       0x48 Source\USER\src\portable\mm32\dcd_mm32f327x_otg.o
 .text.__NVIC_ClearPendingIRQ
                0x08004b78       0x3c Source\USER\src\portable\mm32\dcd_mm32f327x_otg.o
 .text.__NVIC_SetPriority
                0x08004bb4       0x54 Source\USER\src\portable\mm32\dcd_mm32f327x_otg.o
 .text.tu_edpt_addr
                0x08004c08       0x32 Source\USER\src\portable\mm32\dcd_mm32f327x_otg.o
 *fill*         0x08004c3a        0x2 
 .text.prepare_next_setup_packet
                0x08004c3c       0xac Source\USER\src\portable\mm32\dcd_mm32f327x_otg.o
 .text.process_stall
                0x08004ce8       0x3e Source\USER\src\portable\mm32\dcd_mm32f327x_otg.o
 *fill*         0x08004d26        0x2 
 .text.process_tokdne
                0x08004d28      0x208 Source\USER\src\portable\mm32\dcd_mm32f327x_otg.o
 .text.process_bus_reset
                0x08004f30      0x11c Source\USER\src\portable\mm32\dcd_mm32f327x_otg.o
 .text.process_bus_inactive
                0x0800504c       0x3a Source\USER\src\portable\mm32\dcd_mm32f327x_otg.o
 .text.process_bus_active
                0x08005086       0x3a Source\USER\src\portable\mm32\dcd_mm32f327x_otg.o
 .text.dcd_init
                0x080050c0       0x5c Source\USER\src\portable\mm32\dcd_mm32f327x_otg.o
                0x080050c0                dcd_init
 .text.dcd_int_enable
                0x0800511c       0x32 Source\USER\src\portable\mm32\dcd_mm32f327x_otg.o
                0x0800511c                dcd_int_enable
 .text.dcd_int_disable
                0x0800514e       0x22 Source\USER\src\portable\mm32\dcd_mm32f327x_otg.o
                0x0800514e                dcd_int_disable
 .text.dcd_set_address
                0x08005170       0x40 Source\USER\src\portable\mm32\dcd_mm32f327x_otg.o
                0x08005170                dcd_set_address
 .text.dcd_connect
                0x080051b0       0x28 Source\USER\src\portable\mm32\dcd_mm32f327x_otg.o
                0x080051b0                dcd_connect
 .text.dcd_edpt_open
                0x080051d8      0x15c Source\USER\src\portable\mm32\dcd_mm32f327x_otg.o
                0x080051d8                dcd_edpt_open
 .text.dcd_edpt_xfer
                0x08005334      0x170 Source\USER\src\portable\mm32\dcd_mm32f327x_otg.o
                0x08005334                dcd_edpt_xfer
 .text.dcd_edpt_stall
                0x080054a4       0x80 Source\USER\src\portable\mm32\dcd_mm32f327x_otg.o
                0x080054a4                dcd_edpt_stall
 .text.dcd_edpt_clear_stall
                0x08005524       0xcc Source\USER\src\portable\mm32\dcd_mm32f327x_otg.o
                0x08005524                dcd_edpt_clear_stall
 .text.dcd_int_handler
                0x080055f0      0x114 Source\USER\src\portable\mm32\dcd_mm32f327x_otg.o
                0x080055f0                dcd_int_handler
 .text.tusb_init
                0x08005704       0x3c Source\USER\src\tusb.o
                0x08005704                tusb_init
 .text.tusb_inited
                0x08005740       0x34 Source\USER\src\tusb.o
                0x08005740                tusb_inited
 .text.tud_descriptor_device_cb
                0x08005774       0x14 Source\USER\usb_descriptors.o
                0x08005774                tud_descriptor_device_cb
 .text.tud_descriptor_configuration_cb
                0x08005788       0x1c Source\USER\usb_descriptors.o
                0x08005788                tud_descriptor_configuration_cb
 .text.tud_descriptor_string_cb
                0x080057a4       0xa4 Source\USER\usb_descriptors.o
                0x080057a4                tud_descriptor_string_cb
 .text.__libc_init_array
                0x08005848       0x48 c:/program files (x86)/gnu arm embedded toolchain/10 2020-q4-major/bin/../lib/gcc/arm-none-eabi/10.2.1/../../../../arm-none-eabi/lib/thumb/v7-m/nofp\libg.a(lib_a-init.o)
                0x08005848                __libc_init_array
 .text.memmove  0x08005890       0xf8 c:/program files (x86)/gnu arm embedded toolchain/10 2020-q4-major/bin/../lib/gcc/arm-none-eabi/10.2.1/../../../../arm-none-eabi/lib/thumb/v7-m/nofp\libg.a(lib_a-memmove.o)
                0x08005890                memmove
 .text.memset   0x08005988       0xa4 c:/program files (x86)/gnu arm embedded toolchain/10 2020-q4-major/bin/../lib/gcc/arm-none-eabi/10.2.1/../../../../arm-none-eabi/lib/thumb/v7-m/nofp\libg.a(lib_a-memset.o)
                0x08005988                memset
 .text.strlen   0x08005a2c       0x5c c:/program files (x86)/gnu arm embedded toolchain/10 2020-q4-major/bin/../lib/gcc/arm-none-eabi/10.2.1/../../../../arm-none-eabi/lib/thumb/v7-m/nofp\libg.a(lib_a-strlen-stub.o)
                0x08005a2c                strlen
 .text.startup.register_fini
                0x08005a88       0x14 c:/program files (x86)/gnu arm embedded toolchain/10 2020-q4-major/bin/../lib/gcc/arm-none-eabi/10.2.1/../../../../arm-none-eabi/lib/thumb/v7-m/nofp\libg.a(lib_a-__call_atexit.o)
 .text.atexit   0x08005a9c        0xc c:/program files (x86)/gnu arm embedded toolchain/10 2020-q4-major/bin/../lib/gcc/arm-none-eabi/10.2.1/../../../../arm-none-eabi/lib/thumb/v7-m/nofp\libg.a(lib_a-atexit.o)
                0x08005a9c                atexit
 .text.__libc_fini_array
                0x08005aa8       0x2c c:/program files (x86)/gnu arm embedded toolchain/10 2020-q4-major/bin/../lib/gcc/arm-none-eabi/10.2.1/../../../../arm-none-eabi/lib/thumb/v7-m/nofp\libg.a(lib_a-fini.o)
                0x08005aa8                __libc_fini_array
 .text.__retarget_lock_acquire_recursive
                0x08005ad4        0x4 c:/program files (x86)/gnu arm embedded toolchain/10 2020-q4-major/bin/../lib/gcc/arm-none-eabi/10.2.1/../../../../arm-none-eabi/lib/thumb/v7-m/nofp\libg.a(lib_a-lock.o)
                0x08005ad4                __retarget_lock_acquire_recursive
 .text.__retarget_lock_release_recursive
                0x08005ad8        0x4 c:/program files (x86)/gnu arm embedded toolchain/10 2020-q4-major/bin/../lib/gcc/arm-none-eabi/10.2.1/../../../../arm-none-eabi/lib/thumb/v7-m/nofp\libg.a(lib_a-lock.o)
                0x08005ad8                __retarget_lock_release_recursive
 .text.__register_exitproc
                0x08005adc       0x8c c:/program files (x86)/gnu arm embedded toolchain/10 2020-q4-major/bin/../lib/gcc/arm-none-eabi/10.2.1/../../../../arm-none-eabi/lib/thumb/v7-m/nofp\libg.a(lib_a-__atexit.o)
                0x08005adc                __register_exitproc
 *(.glue_7)
 .glue_7        0x08005b68        0x0 linker stubs
 *(.glue_7t)
 .glue_7t       0x08005b68        0x0 linker stubs
 *(.eh_frame)
 .eh_frame      0x08005b68        0x0 c:/program files (x86)/gnu arm embedded toolchain/10 2020-q4-major/bin/../lib/gcc/arm-none-eabi/10.2.1/thumb/v7-m/nofp/crtbegin.o
 *(.init)
 .init          0x08005b68        0x4 c:/program files (x86)/gnu arm embedded toolchain/10 2020-q4-major/bin/../lib/gcc/arm-none-eabi/10.2.1/thumb/v7-m/nofp/crti.o
                0x08005b68                _init
 .init          0x08005b6c        0x8 c:/program files (x86)/gnu arm embedded toolchain/10 2020-q4-major/bin/../lib/gcc/arm-none-eabi/10.2.1/thumb/v7-m/nofp/crtn.o
 *(.fini)
 .fini          0x08005b74        0x4 c:/program files (x86)/gnu arm embedded toolchain/10 2020-q4-major/bin/../lib/gcc/arm-none-eabi/10.2.1/thumb/v7-m/nofp/crti.o
                0x08005b74                _fini
 .fini          0x08005b78        0x8 c:/program files (x86)/gnu arm embedded toolchain/10 2020-q4-major/bin/../lib/gcc/arm-none-eabi/10.2.1/thumb/v7-m/nofp/crtn.o
                0x08005b80                . = ALIGN (0x4)
                0x08005b80                _etext = .

.vfp11_veneer   0x08005b80        0x0
 .vfp11_veneer  0x08005b80        0x0 linker stubs

.v4_bx          0x08005b80        0x0
 .v4_bx         0x08005b80        0x0 linker stubs

.iplt           0x08005b80        0x0
 .iplt          0x08005b80        0x0 c:/program files (x86)/gnu arm embedded toolchain/10 2020-q4-major/bin/../lib/gcc/arm-none-eabi/10.2.1/thumb/v7-m/nofp/crtbegin.o

.rodata         0x08005b80      0x100
                0x08005b80                . = ALIGN (0x4)
 *(.rodata)
 .rodata        0x08005b80       0x15 Source\USER\msc_disk.o
 *fill*         0x08005b95        0x3 
 .rodata        0x08005b98       0x38 Source\USER\usb_descriptors.o
 *(.rodata*)
 .rodata._usbd_driver
                0x08005bd0       0x30 Source\USER\src\device\usbd.o
 .rodata.desc_device
                0x08005c00       0x12 Source\USER\usb_descriptors.o
                0x08005c00                desc_device
 *fill*         0x08005c12        0x2 
 .rodata.desc_fs_configuration
                0x08005c14       0x62 Source\USER\usb_descriptors.o
                0x08005c14                desc_fs_configuration
 *fill*         0x08005c76        0x2 
 .rodata.__compound_literal.0
                0x08005c78        0x2 Source\USER\usb_descriptors.o
 *fill*         0x08005c7a        0x2 
 .rodata._global_impure_ptr
                0x08005c7c        0x4 c:/program files (x86)/gnu arm embedded toolchain/10 2020-q4-major/bin/../lib/gcc/arm-none-eabi/10.2.1/../../../../arm-none-eabi/lib/thumb/v7-m/nofp\libg.a(lib_a-impure.o)
                0x08005c7c                _global_impure_ptr
                0x08005c80                . = ALIGN (0x4)

.rel.dyn        0x08005c80        0x0
 .rel.iplt      0x08005c80        0x0 c:/program files (x86)/gnu arm embedded toolchain/10 2020-q4-major/bin/../lib/gcc/arm-none-eabi/10.2.1/thumb/v7-m/nofp/crtbegin.o

.ARM.extab
 *(.ARM.extab* .gnu.linkonce.armextab.*)

.ARM            0x08005c80        0x0
                0x08005c80                __exidx_start = .
 *(.ARM.exidx*)
                0x08005c80                __exidx_end = .

.preinit_array  0x08005c80        0x0
                0x08005c80                PROVIDE (__preinit_array_start = .)
 *(.preinit_array*)
                0x08005c80                PROVIDE (__preinit_array_end = .)

.init_array     0x08005c80        0x8
                0x08005c80                PROVIDE (__init_array_start = .)
 *(SORT_BY_NAME(.init_array.*))
 .init_array.00000
                0x08005c80        0x4 c:/program files (x86)/gnu arm embedded toolchain/10 2020-q4-major/bin/../lib/gcc/arm-none-eabi/10.2.1/../../../../arm-none-eabi/lib/thumb/v7-m/nofp\libg.a(lib_a-__call_atexit.o)
 *(.init_array*)
 .init_array    0x08005c84        0x4 c:/program files (x86)/gnu arm embedded toolchain/10 2020-q4-major/bin/../lib/gcc/arm-none-eabi/10.2.1/thumb/v7-m/nofp/crtbegin.o
                0x08005c88                PROVIDE (__init_array_end = .)

.fini_array     0x08005c88        0x4
                0x08005c88                PROVIDE (__fini_array_start = .)
 *(SORT_BY_NAME(.fini_array.*))
 *(.fini_array*)
 .fini_array    0x08005c88        0x4 c:/program files (x86)/gnu arm embedded toolchain/10 2020-q4-major/bin/../lib/gcc/arm-none-eabi/10.2.1/thumb/v7-m/nofp/crtbegin.o
                0x08005c8c                PROVIDE (__fini_array_end = .)
                0x08005c8c                _sidata = LOADADDR (.data)

.data           0x20000000     0x2464 load address 0x08005c8c
                0x20000000                . = ALIGN (0x4)
                0x20000000                _sdata = .
 *(.data)
 *(.data*)
 .data.SystemCoreClock
                0x20000000        0x4 Source\Device\MM32F327x\Source\system_mm32f327x.o
                0x20000000                SystemCoreClock
 .data.blink_interval_ms
                0x20000004        0x4 Source\USER\main.o
 .data.msc_disk
                0x20000008     0x2000 Source\USER\msc_disk.o
                0x20000008                msc_disk
 .data._usbd_qdef
                0x20002008       0x18 Source\USER\src\device\usbd.o
                0x20002008                _usbd_qdef
 .data.string_desc_arr
                0x20002020       0x18 Source\USER\usb_descriptors.o
                0x20002020                string_desc_arr
 .data.impure_data
                0x20002038      0x428 c:/program files (x86)/gnu arm embedded toolchain/10 2020-q4-major/bin/../lib/gcc/arm-none-eabi/10.2.1/../../../../arm-none-eabi/lib/thumb/v7-m/nofp\libg.a(lib_a-impure.o)
 .data.__atexit_recursive_mutex
                0x20002460        0x4 c:/program files (x86)/gnu arm embedded toolchain/10 2020-q4-major/bin/../lib/gcc/arm-none-eabi/10.2.1/../../../../arm-none-eabi/lib/thumb/v7-m/nofp\libg.a(lib_a-__call_atexit.o)
                0x20002460                __atexit_recursive_mutex
                0x20002464                . = ALIGN (0x4)
                0x20002464                _edata = .

.igot.plt       0x20002464        0x0 load address 0x080080f0
 .igot.plt      0x20002464        0x0 c:/program files (x86)/gnu arm embedded toolchain/10 2020-q4-major/bin/../lib/gcc/arm-none-eabi/10.2.1/thumb/v7-m/nofp/crtbegin.o
                0x20002464                . = ALIGN (0x4)

.bss            0x20002600      0xb50 load address 0x080080f0
                0x20002600                _sbss = .
                0x20002600                __bss_start__ = _sbss
 *(.bss)
 .bss           0x20002600       0x1c c:/program files (x86)/gnu arm embedded toolchain/10 2020-q4-major/bin/../lib/gcc/arm-none-eabi/10.2.1/thumb/v7-m/nofp/crtbegin.o
 *(.bss*)
 .bss.sTimingDelay
                0x2000261c        0x4 Source\SYSTEM\DELAY\delay.o
 .bss.ejected   0x20002620        0x1 Source\USER\msc_disk.o
 *fill*         0x20002621        0x3 
 .bss._cdcd_itf
                0x20002624      0x138 Source\USER\src\class\cdc\cdc_device.o
 .bss._mscd_itf
                0x2000275c       0x40 Source\USER\src\class\msc\msc_device.o
 .bss._mscd_buf
                0x2000279c      0x200 Source\USER\src\class\msc\msc_device.o
 .bss._usbd_dev
                0x2000299c       0x37 Source\USER\src\device\usbd.o
 *fill*         0x200029d3        0x1 
 .bss._app_driver
                0x200029d4        0x4 Source\USER\src\device\usbd.o
 .bss._app_driver_count
                0x200029d8        0x1 Source\USER\src\device\usbd.o
 .bss._usbd_initialized
                0x200029d9        0x1 Source\USER\src\device\usbd.o
 *fill*         0x200029da        0x2 
 .bss._usbd_qdef_buf
                0x200029dc       0xc0 Source\USER\src\device\usbd.o
                0x200029dc                _usbd_qdef_buf
 .bss._usbd_q   0x20002a9c        0x4 Source\USER\src\device\usbd.o
 .bss._ctrl_xfer
                0x20002aa0       0x14 Source\USER\src\device\usbd_control.o
 .bss._usbd_ctrl_buf
                0x20002ab4       0x40 Source\USER\src\device\usbd_control.o
 *fill*         0x20002af4      0x10c 
 .bss._dcd      0x20002c00      0x50a Source\USER\src\portable\mm32\dcd_mm32f327x_otg.o
 *fill*         0x2000310a        0x2 
 .bss._desc_str
                0x2000310c       0x40 Source\USER\usb_descriptors.o
 .bss.__lock___atexit_recursive_mutex
                0x2000314c        0x1 c:/program files (x86)/gnu arm embedded toolchain/10 2020-q4-major/bin/../lib/gcc/arm-none-eabi/10.2.1/../../../../arm-none-eabi/lib/thumb/v7-m/nofp\libg.a(lib_a-lock.o)
                0x2000314c                __lock___atexit_recursive_mutex
 *(COMMON)
                0x20003150                . = ALIGN (0x4)
 *fill*         0x2000314d        0x3 
                0x20003150                _ebss = .
                0x20003150                __bss_end__ = _ebss

._user_heap_stack
                0x20003150      0x600 load address 0x080080f0
                0x20003150                . = ALIGN (0x8)
                [!provide]                PROVIDE (end = .)
                [!provide]                PROVIDE (_end = .)
                0x20003350                . = (. + _Min_Heap_Size)
 *fill*         0x20003150      0x200 
                0x20003750                . = (. + _Min_Stack_Size)
 *fill*         0x20003350      0x400 
                0x20003750                . = ALIGN (0x8)

/DISCARD/
 libc.a(*)
 libm.a(*)
 libgcc.a(*)

.ARM.attributes
                0x00000000       0x29
 *(.ARM.attributes)
 .ARM.attributes
                0x00000000       0x1d c:/program files (x86)/gnu arm embedded toolchain/10 2020-q4-major/bin/../lib/gcc/arm-none-eabi/10.2.1/thumb/v7-m/nofp/crti.o
 .ARM.attributes
                0x0000001d       0x2d c:/program files (x86)/gnu arm embedded toolchain/10 2020-q4-major/bin/../lib/gcc/arm-none-eabi/10.2.1/thumb/v7-m/nofp/crtbegin.o
 .ARM.attributes
                0x0000004a       0x2d Source\Device\MM32F327x\HAL_Lib\Src\hal_exti.o
 .ARM.attributes
                0x00000077       0x2d Source\Device\MM32F327x\HAL_Lib\Src\hal_gpio.o
 .ARM.attributes
                0x000000a4       0x2d Source\Device\MM32F327x\HAL_Lib\Src\hal_rcc.o
 .ARM.attributes
                0x000000d1       0x21 Source\Device\MM32F327x\Source\GCC_StartAsm\startup_mm32m3ux_u_gcc.o
 .ARM.attributes
                0x000000f2       0x2d Source\Device\MM32F327x\Source\system_mm32f327x.o
 .ARM.attributes
                0x0000011f       0x2d Source\HARDWARE\LED\exti.o
 .ARM.attributes
                0x0000014c       0x2d Source\HARDWARE\LED\led.o
 .ARM.attributes
                0x00000179       0x2d Source\SYSTEM\DELAY\delay.o
 .ARM.attributes
                0x000001a6       0x2d Source\USER\main.o
 .ARM.attributes
                0x000001d3       0x2d Source\USER\msc_disk.o
 .ARM.attributes
                0x00000200       0x2d Source\USER\src\class\cdc\cdc_device.o
 .ARM.attributes
                0x0000022d       0x2d Source\USER\src\class\msc\msc_device.o
 .ARM.attributes
                0x0000025a       0x2d Source\USER\src\common\tusb_fifo.o
 .ARM.attributes
                0x00000287       0x2d Source\USER\src\device\usbd.o
 .ARM.attributes
                0x000002b4       0x2d Source\USER\src\device\usbd_control.o
 .ARM.attributes
                0x000002e1       0x2d Source\USER\src\portable\mm32\dcd_mm32f327x_otg.o
 .ARM.attributes
                0x0000030e       0x2d Source\USER\src\tusb.o
 .ARM.attributes
                0x0000033b       0x2d Source\USER\usb_descriptors.o
 .ARM.attributes
                0x00000368       0x2d c:/program files (x86)/gnu arm embedded toolchain/10 2020-q4-major/bin/../lib/gcc/arm-none-eabi/10.2.1/../../../../arm-none-eabi/lib/thumb/v7-m/nofp\libg.a(lib_a-impure.o)
 .ARM.attributes
                0x00000395       0x2d c:/program files (x86)/gnu arm embedded toolchain/10 2020-q4-major/bin/../lib/gcc/arm-none-eabi/10.2.1/../../../../arm-none-eabi/lib/thumb/v7-m/nofp\libg.a(lib_a-init.o)
 .ARM.attributes
                0x000003c2       0x1b c:/program files (x86)/gnu arm embedded toolchain/10 2020-q4-major/bin/../lib/gcc/arm-none-eabi/10.2.1/../../../../arm-none-eabi/lib/thumb/v7-m/nofp\libg.a(lib_a-memcpy.o)
 .ARM.attributes
                0x000003dd       0x2d c:/program files (x86)/gnu arm embedded toolchain/10 2020-q4-major/bin/../lib/gcc/arm-none-eabi/10.2.1/../../../../arm-none-eabi/lib/thumb/v7-m/nofp\libg.a(lib_a-memmove.o)
 .ARM.attributes
                0x0000040a       0x2d c:/program files (x86)/gnu arm embedded toolchain/10 2020-q4-major/bin/../lib/gcc/arm-none-eabi/10.2.1/../../../../arm-none-eabi/lib/thumb/v7-m/nofp\libg.a(lib_a-memset.o)
 .ARM.attributes
                0x00000437       0x2d c:/program files (x86)/gnu arm embedded toolchain/10 2020-q4-major/bin/../lib/gcc/arm-none-eabi/10.2.1/../../../../arm-none-eabi/lib/thumb/v7-m/nofp\libg.a(lib_a-strlen-stub.o)
 .ARM.attributes
                0x00000464       0x2d c:/program files (x86)/gnu arm embedded toolchain/10 2020-q4-major/bin/../lib/gcc/arm-none-eabi/10.2.1/../../../../arm-none-eabi/lib/thumb/v7-m/nofp\libg.a(lib_a-__call_atexit.o)
 .ARM.attributes
                0x00000491       0x2d c:/program files (x86)/gnu arm embedded toolchain/10 2020-q4-major/bin/../lib/gcc/arm-none-eabi/10.2.1/../../../../arm-none-eabi/lib/thumb/v7-m/nofp\libg.a(lib_a-atexit.o)
 .ARM.attributes
                0x000004be       0x2d c:/program files (x86)/gnu arm embedded toolchain/10 2020-q4-major/bin/../lib/gcc/arm-none-eabi/10.2.1/../../../../arm-none-eabi/lib/thumb/v7-m/nofp\libg.a(lib_a-fini.o)
 .ARM.attributes
                0x000004eb       0x2d c:/program files (x86)/gnu arm embedded toolchain/10 2020-q4-major/bin/../lib/gcc/arm-none-eabi/10.2.1/../../../../arm-none-eabi/lib/thumb/v7-m/nofp\libg.a(lib_a-lock.o)
 .ARM.attributes
                0x00000518       0x2d c:/program files (x86)/gnu arm embedded toolchain/10 2020-q4-major/bin/../lib/gcc/arm-none-eabi/10.2.1/../../../../arm-none-eabi/lib/thumb/v7-m/nofp\libg.a(lib_a-__atexit.o)
 .ARM.attributes
                0x00000545       0x1d c:/program files (x86)/gnu arm embedded toolchain/10 2020-q4-major/bin/../lib/gcc/arm-none-eabi/10.2.1/thumb/v7-m/nofp/crtn.o
OUTPUT(mm327x.elf elf32-littlearm)
LOAD linker stubs
LOAD c:/program files (x86)/gnu arm embedded toolchain/10 2020-q4-major/bin/../lib/gcc/arm-none-eabi/10.2.1/../../../../arm-none-eabi/lib/thumb/v7-m/nofp\libc.a
LOAD c:/program files (x86)/gnu arm embedded toolchain/10 2020-q4-major/bin/../lib/gcc/arm-none-eabi/10.2.1/../../../../arm-none-eabi/lib/thumb/v7-m/nofp\libm.a
LOAD c:/program files (x86)/gnu arm embedded toolchain/10 2020-q4-major/bin/../lib/gcc/arm-none-eabi/10.2.1/thumb/v7-m/nofp\libgcc.a

.debug_info     0x00000000     0xc28d
 .debug_info    0x00000000      0x429 Source\Device\MM32F327x\HAL_Lib\Src\hal_exti.o
 .debug_info    0x00000429      0x669 Source\Device\MM32F327x\HAL_Lib\Src\hal_gpio.o
 .debug_info    0x00000a92     0x22c6 Source\Device\MM32F327x\HAL_Lib\Src\hal_rcc.o
 .debug_info    0x00002d58       0x22 Source\Device\MM32F327x\Source\GCC_StartAsm\startup_mm32m3ux_u_gcc.o
 .debug_info    0x00002d7a      0x61a Source\Device\MM32F327x\Source\system_mm32f327x.o
 .debug_info    0x00003394      0x5f0 Source\HARDWARE\LED\exti.o
 .debug_info    0x00003984      0x22c Source\HARDWARE\LED\led.o
 .debug_info    0x00003bb0      0x6d5 Source\SYSTEM\DELAY\delay.o
 .debug_info    0x00004285      0x46f Source\USER\main.o
 .debug_info    0x000046f4      0x507 Source\USER\msc_disk.o
 .debug_info    0x00004bfb     0x1041 Source\USER\src\class\cdc\cdc_device.o
 .debug_info    0x00005c3c     0x13c8 Source\USER\src\class\msc\msc_device.o
 .debug_info    0x00007004     0x10eb Source\USER\src\common\tusb_fifo.o
 .debug_info    0x000080ef     0x2016 Source\USER\src\device\usbd.o
 .debug_info    0x0000a105      0x622 Source\USER\src\device\usbd_control.o
 .debug_info    0x0000a727     0x142c Source\USER\src\portable\mm32\dcd_mm32f327x_otg.o
 .debug_info    0x0000bb53      0x106 Source\USER\src\tusb.o
 .debug_info    0x0000bc59      0x634 Source\USER\usb_descriptors.o

.debug_abbrev   0x00000000     0x25d4
 .debug_abbrev  0x00000000      0x186 Source\Device\MM32F327x\HAL_Lib\Src\hal_exti.o
 .debug_abbrev  0x00000186      0x1a9 Source\Device\MM32F327x\HAL_Lib\Src\hal_gpio.o
 .debug_abbrev  0x0000032f      0x38d Source\Device\MM32F327x\HAL_Lib\Src\hal_rcc.o
 .debug_abbrev  0x000006bc       0x12 Source\Device\MM32F327x\Source\GCC_StartAsm\startup_mm32m3ux_u_gcc.o
 .debug_abbrev  0x000006ce      0x22c Source\Device\MM32F327x\Source\system_mm32f327x.o
 .debug_abbrev  0x000008fa      0x138 Source\HARDWARE\LED\exti.o
 .debug_abbrev  0x00000a32       0xca Source\HARDWARE\LED\led.o
 .debug_abbrev  0x00000afc      0x1d4 Source\SYSTEM\DELAY\delay.o
 .debug_abbrev  0x00000cd0      0x201 Source\USER\main.o
 .debug_abbrev  0x00000ed1      0x163 Source\USER\msc_disk.o
 .debug_abbrev  0x00001034      0x360 Source\USER\src\class\cdc\cdc_device.o
 .debug_abbrev  0x00001394      0x3a4 Source\USER\src\class\msc\msc_device.o
 .debug_abbrev  0x00001738      0x2b9 Source\USER\src\common\tusb_fifo.o
 .debug_abbrev  0x000019f1      0x3c4 Source\USER\src\device\usbd.o
 .debug_abbrev  0x00001db5      0x25b Source\USER\src\device\usbd_control.o
 .debug_abbrev  0x00002010      0x3df Source\USER\src\portable\mm32\dcd_mm32f327x_otg.o
 .debug_abbrev  0x000023ef       0x95 Source\USER\src\tusb.o
 .debug_abbrev  0x00002484      0x150 Source\USER\usb_descriptors.o

.debug_aranges  0x00000000      0xac8
 .debug_aranges
                0x00000000       0x70 Source\Device\MM32F327x\HAL_Lib\Src\hal_exti.o
 .debug_aranges
                0x00000070       0x98 Source\Device\MM32F327x\HAL_Lib\Src\hal_gpio.o
 .debug_aranges
                0x00000108      0x208 Source\Device\MM32F327x\HAL_Lib\Src\hal_rcc.o
 .debug_aranges
                0x00000310       0x28 Source\Device\MM32F327x\Source\GCC_StartAsm\startup_mm32m3ux_u_gcc.o
 .debug_aranges
                0x00000338       0x40 Source\Device\MM32F327x\Source\system_mm32f327x.o
 .debug_aranges
                0x00000378       0x58 Source\HARDWARE\LED\exti.o
 .debug_aranges
                0x000003d0       0x20 Source\HARDWARE\LED\led.o
 .debug_aranges
                0x000003f0       0x48 Source\SYSTEM\DELAY\delay.o
 .debug_aranges
                0x00000438       0x90 Source\USER\main.o
 .debug_aranges
                0x000004c8       0x50 Source\USER\msc_disk.o
 .debug_aranges
                0x00000518       0xc0 Source\USER\src\class\cdc\cdc_device.o
 .debug_aranges
                0x000005d8       0x78 Source\USER\src\class\msc\msc_device.o
 .debug_aranges
                0x00000650      0x160 Source\USER\src\common\tusb_fifo.o
 .debug_aranges
                0x000007b0      0x188 Source\USER\src\device\usbd.o
 .debug_aranges
                0x00000938       0x60 Source\USER\src\device\usbd_control.o
 .debug_aranges
                0x00000998       0xd8 Source\USER\src\portable\mm32\dcd_mm32f327x_otg.o
 .debug_aranges
                0x00000a70       0x28 Source\USER\src\tusb.o
 .debug_aranges
                0x00000a98       0x30 Source\USER\usb_descriptors.o

.debug_ranges   0x00000000      0xa38
 .debug_ranges  0x00000000       0x60 Source\Device\MM32F327x\HAL_Lib\Src\hal_exti.o
 .debug_ranges  0x00000060       0x88 Source\Device\MM32F327x\HAL_Lib\Src\hal_gpio.o
 .debug_ranges  0x000000e8      0x1f8 Source\Device\MM32F327x\HAL_Lib\Src\hal_rcc.o
 .debug_ranges  0x000002e0       0x20 Source\Device\MM32F327x\Source\GCC_StartAsm\startup_mm32m3ux_u_gcc.o
 .debug_ranges  0x00000300       0x30 Source\Device\MM32F327x\Source\system_mm32f327x.o
 .debug_ranges  0x00000330       0x48 Source\HARDWARE\LED\exti.o
 .debug_ranges  0x00000378       0x10 Source\HARDWARE\LED\led.o
 .debug_ranges  0x00000388       0x38 Source\SYSTEM\DELAY\delay.o
 .debug_ranges  0x000003c0       0x80 Source\USER\main.o
 .debug_ranges  0x00000440       0x40 Source\USER\msc_disk.o
 .debug_ranges  0x00000480       0xb0 Source\USER\src\class\cdc\cdc_device.o
 .debug_ranges  0x00000530       0x80 Source\USER\src\class\msc\msc_device.o
 .debug_ranges  0x000005b0      0x150 Source\USER\src\common\tusb_fifo.o
 .debug_ranges  0x00000700      0x1d0 Source\USER\src\device\usbd.o
 .debug_ranges  0x000008d0       0x50 Source\USER\src\device\usbd_control.o
 .debug_ranges  0x00000920       0xe0 Source\USER\src\portable\mm32\dcd_mm32f327x_otg.o
 .debug_ranges  0x00000a00       0x18 Source\USER\src\tusb.o
 .debug_ranges  0x00000a18       0x20 Source\USER\usb_descriptors.o

.debug_macro    0x00000000     0x734e
 .debug_macro   0x00000000       0xd3 Source\Device\MM32F327x\HAL_Lib\Src\hal_exti.o
 .debug_macro   0x000000d3      0x135 Source\Device\MM32F327x\HAL_Lib\Src\hal_exti.o
 .debug_macro   0x00000208      0x1e7 Source\Device\MM32F327x\HAL_Lib\Src\hal_gpio.o
 .debug_macro   0x000003ef      0x99b Source\Device\MM32F327x\HAL_Lib\Src\hal_gpio.o
 .debug_macro   0x00000d8a      0x166 Source\Device\MM32F327x\HAL_Lib\Src\hal_gpio.o
 .debug_macro   0x00000ef0      0x1ca Source\Device\MM32F327x\HAL_Lib\Src\hal_rcc.o
 .debug_macro   0x000010ba       0x12 Source\Device\MM32F327x\HAL_Lib\Src\hal_rcc.o
 .debug_macro   0x000010cc      0x1cf Source\Device\MM32F327x\Source\system_mm32f327x.o
 .debug_macro   0x0000129b      0x499 Source\HARDWARE\LED\exti.o
 .debug_macro   0x00001734       0x10 Source\HARDWARE\LED\exti.o
 .debug_macro   0x00001744       0x35 Source\HARDWARE\LED\exti.o
 .debug_macro   0x00001779       0x9a Source\HARDWARE\LED\exti.o
 .debug_macro   0x00001813       0x19 Source\HARDWARE\LED\exti.o
 .debug_macro   0x0000182c       0x10 Source\HARDWARE\LED\exti.o
 .debug_macro   0x0000183c       0x2e Source\HARDWARE\LED\exti.o
 .debug_macro   0x0000186a       0x10 Source\HARDWARE\LED\exti.o
 .debug_macro   0x0000187a       0x2a Source\HARDWARE\LED\exti.o
 .debug_macro   0x000018a4      0x135 Source\HARDWARE\LED\exti.o
 .debug_macro   0x000019d9      0x115 Source\HARDWARE\LED\exti.o
 .debug_macro   0x00001aee      0x1ac Source\HARDWARE\LED\exti.o
 .debug_macro   0x00001c9a       0x10 Source\HARDWARE\LED\exti.o
 .debug_macro   0x00001caa       0x6a Source\HARDWARE\LED\exti.o
 .debug_macro   0x00001d14       0x10 Source\HARDWARE\LED\exti.o
 .debug_macro   0x00001d24      0x10e Source\HARDWARE\LED\exti.o
 .debug_macro   0x00001e32       0x66 Source\HARDWARE\LED\exti.o
 .debug_macro   0x00001e98       0x12 Source\HARDWARE\LED\exti.o
 .debug_macro   0x00001eaa       0x16 Source\HARDWARE\LED\exti.o
 .debug_macro   0x00001ec0       0x10 Source\HARDWARE\LED\exti.o
 .debug_macro   0x00001ed0       0x46 Source\HARDWARE\LED\exti.o
 .debug_macro   0x00001f16      0x9b9 Source\HARDWARE\LED\exti.o
 .debug_macro   0x000028cf       0x76 Source\HARDWARE\LED\exti.o
 .debug_macro   0x00002945       0x16 Source\HARDWARE\LED\exti.o
 .debug_macro   0x0000295b       0x8e Source\HARDWARE\LED\exti.o
 .debug_macro   0x000029e9      0x487 Source\HARDWARE\LED\led.o
 .debug_macro   0x00002e70       0x88 Source\HARDWARE\LED\led.o
 .debug_macro   0x00002ef8      0x28b Source\SYSTEM\DELAY\delay.o
 .debug_macro   0x00003183       0x10 Source\SYSTEM\DELAY\delay.o
 .debug_macro   0x00003193      0x648 Source\USER\main.o
 .debug_macro   0x000037db       0x16 Source\USER\main.o
 .debug_macro   0x000037f1      0x10e Source\USER\main.o
 .debug_macro   0x000038ff       0x8d Source\USER\main.o
 .debug_macro   0x0000398c       0x16 Source\USER\main.o
 .debug_macro   0x000039a2       0x29 Source\USER\main.o
 .debug_macro   0x000039cb       0x1c Source\USER\main.o
 .debug_macro   0x000039e7       0x10 Source\USER\main.o
 .debug_macro   0x000039f7       0x10 Source\USER\main.o
 .debug_macro   0x00003a07       0x1c Source\USER\main.o
 .debug_macro   0x00003a23       0x52 Source\USER\main.o
 .debug_macro   0x00003a75       0x22 Source\USER\main.o
 .debug_macro   0x00003a97       0x10 Source\USER\main.o
 .debug_macro   0x00003aa7       0x40 Source\USER\main.o
 .debug_macro   0x00003ae7       0xd5 Source\USER\main.o
 .debug_macro   0x00003bbc       0x1c Source\USER\main.o
 .debug_macro   0x00003bd8       0x3d Source\USER\main.o
 .debug_macro   0x00003c15       0x16 Source\USER\main.o
 .debug_macro   0x00003c2b      0x16f Source\USER\main.o
 .debug_macro   0x00003d9a       0x16 Source\USER\main.o
 .debug_macro   0x00003db0       0x5e Source\USER\main.o
 .debug_macro   0x00003e0e      0x15a Source\USER\main.o
 .debug_macro   0x00003f68       0x70 Source\USER\main.o
 .debug_macro   0x00003fd8       0x90 Source\USER\main.o
 .debug_macro   0x00004068       0xba Source\USER\main.o
 .debug_macro   0x00004122       0x8d Source\USER\main.o
 .debug_macro   0x000041af       0x1c Source\USER\main.o
 .debug_macro   0x000041cb       0x11 Source\USER\main.o
 .debug_macro   0x000041dc       0x9c Source\USER\main.o
 .debug_macro   0x00004278       0x1c Source\USER\main.o
 .debug_macro   0x00004294       0x1c Source\USER\main.o
 .debug_macro   0x000042b0      0x319 Source\USER\main.o
 .debug_macro   0x000045c9       0x18 Source\USER\main.o
 .debug_macro   0x000045e1       0x88 Source\USER\main.o
 .debug_macro   0x00004669       0x7c Source\USER\main.o
 .debug_macro   0x000046e5      0x2b8 Source\USER\msc_disk.o
 .debug_macro   0x0000499d       0x64 Source\USER\msc_disk.o
 .debug_macro   0x00004a01      0x292 Source\USER\src\class\cdc\cdc_device.o
 .debug_macro   0x00004c93       0x22 Source\USER\src\class\cdc\cdc_device.o
 .debug_macro   0x00004cb5      0x297 Source\USER\src\class\msc\msc_device.o
 .debug_macro   0x00004f4c      0x276 Source\USER\src\common\tusb_fifo.o
 .debug_macro   0x000051c2      0x2e3 Source\USER\src\device\usbd.o
 .debug_macro   0x000054a5      0x2ca Source\USER\src\device\usbd_control.o
 .debug_macro   0x0000576f      0x5b5 Source\USER\src\portable\mm32\dcd_mm32f327x_otg.o
 .debug_macro   0x00005d24     0x1084 Source\USER\src\portable\mm32\dcd_mm32f327x_otg.o
 .debug_macro   0x00006da8      0x2c4 Source\USER\src\tusb.o
 .debug_macro   0x0000706c      0x2e2 Source\USER\usb_descriptors.o

.debug_line     0x00000000     0xaf3a
 .debug_line    0x00000000      0x5a4 Source\Device\MM32F327x\HAL_Lib\Src\hal_exti.o
 .debug_line    0x000005a4      0x85e Source\Device\MM32F327x\HAL_Lib\Src\hal_gpio.o
 .debug_line    0x00000e02     0x1122 Source\Device\MM32F327x\HAL_Lib\Src\hal_rcc.o
 .debug_line    0x00001f24       0xa3 Source\Device\MM32F327x\Source\GCC_StartAsm\startup_mm32m3ux_u_gcc.o
 .debug_line    0x00001fc7      0x6ec Source\Device\MM32F327x\Source\system_mm32f327x.o
 .debug_line    0x000026b3      0x955 Source\HARDWARE\LED\exti.o
 .debug_line    0x00003008      0x75a Source\HARDWARE\LED\led.o
 .debug_line    0x00003762      0x633 Source\SYSTEM\DELAY\delay.o
 .debug_line    0x00003d95      0xbe1 Source\USER\main.o
 .debug_line    0x00004976      0x695 Source\USER\msc_disk.o
 .debug_line    0x0000500b      0xbd4 Source\USER\src\class\cdc\cdc_device.o
 .debug_line    0x00005bdf      0xc74 Source\USER\src\class\msc\msc_device.o
 .debug_line    0x00006853      0xd75 Source\USER\src\common\tusb_fifo.o
 .debug_line    0x000075c8     0x1416 Source\USER\src\device\usbd.o
 .debug_line    0x000089de      0x809 Source\USER\src\device\usbd_control.o
 .debug_line    0x000091e7     0x109d Source\USER\src\portable\mm32\dcd_mm32f327x_otg.o
 .debug_line    0x0000a284      0x67c Source\USER\src\tusb.o
 .debug_line    0x0000a900      0x63a Source\USER\usb_descriptors.o

.debug_str      0x00000000    0x5d123
 .debug_str     0x00000000     0xecd9 Source\Device\MM32F327x\HAL_Lib\Src\hal_exti.o
                               0xee91 (size before relaxing)
 .debug_str     0x0000ecd9    0x36c70 Source\Device\MM32F327x\HAL_Lib\Src\hal_gpio.o
                              0x453bf (size before relaxing)
 .debug_str     0x00045949     0x1424 Source\Device\MM32F327x\HAL_Lib\Src\hal_rcc.o
                              0x4616f (size before relaxing)
 .debug_str     0x00046d6d       0x56 Source\Device\MM32F327x\Source\GCC_StartAsm\startup_mm32m3ux_u_gcc.o
                                 0x6d (size before relaxing)
 .debug_str     0x00046dc3      0x17f Source\Device\MM32F327x\Source\system_mm32f327x.o
                              0x44e98 (size before relaxing)
 .debug_str     0x00046f42     0x9a25 Source\HARDWARE\LED\exti.o
                              0x4f6c2 (size before relaxing)
 .debug_str     0x00050967       0x2f Source\HARDWARE\LED\led.o
                              0x4ef38 (size before relaxing)
 .debug_str     0x00050996       0x84 Source\SYSTEM\DELAY\delay.o
                              0x47ce2 (size before relaxing)
 .debug_str     0x00050a1a     0x9126 Source\USER\main.o
                              0x58179 (size before relaxing)
 .debug_str     0x00059b40      0x44c Source\USER\msc_disk.o
                               0xfa4b (size before relaxing)
 .debug_str     0x00059f8c     0x117a Source\USER\src\class\cdc\cdc_device.o
                              0x107d6 (size before relaxing)
 .debug_str     0x0005b106      0x6c0 Source\USER\src\class\msc\msc_device.o
                              0x10286 (size before relaxing)
 .debug_str     0x0005b7c6      0x3c8 Source\USER\src\common\tusb_fifo.o
                               0x9cac (size before relaxing)
 .debug_str     0x0005bb8e      0xa38 Source\USER\src\device\usbd.o
                              0x106c4 (size before relaxing)
 .debug_str     0x0005c5c6      0x15e Source\USER\src\device\usbd_control.o
                               0xf8e6 (size before relaxing)
 .debug_str     0x0005c724      0x333 Source\USER\src\portable\mm32\dcd_mm32f327x_otg.o
                              0x524b1 (size before relaxing)
 .debug_str     0x0005ca57       0x30 Source\USER\src\tusb.o
                               0xf608 (size before relaxing)
 .debug_str     0x0005ca87      0x69c Source\USER\usb_descriptors.o
                              0x10499 (size before relaxing)

.comment        0x00000000       0x4d
 .comment       0x00000000       0x4d Source\Device\MM32F327x\HAL_Lib\Src\hal_exti.o
                                 0x4e (size before relaxing)
 .comment       0x0000004d       0x4e Source\Device\MM32F327x\HAL_Lib\Src\hal_gpio.o
 .comment       0x0000004d       0x4e Source\Device\MM32F327x\HAL_Lib\Src\hal_rcc.o
 .comment       0x0000004d       0x4e Source\Device\MM32F327x\Source\system_mm32f327x.o
 .comment       0x0000004d       0x4e Source\HARDWARE\LED\exti.o
 .comment       0x0000004d       0x4e Source\HARDWARE\LED\led.o
 .comment       0x0000004d       0x4e Source\SYSTEM\DELAY\delay.o
 .comment       0x0000004d       0x4e Source\USER\main.o
 .comment       0x0000004d       0x4e Source\USER\msc_disk.o
 .comment       0x0000004d       0x4e Source\USER\src\class\cdc\cdc_device.o
 .comment       0x0000004d       0x4e Source\USER\src\class\msc\msc_device.o
 .comment       0x0000004d       0x4e Source\USER\src\common\tusb_fifo.o
 .comment       0x0000004d       0x4e Source\USER\src\device\usbd.o
 .comment       0x0000004d       0x4e Source\USER\src\device\usbd_control.o
 .comment       0x0000004d       0x4e Source\USER\src\portable\mm32\dcd_mm32f327x_otg.o
 .comment       0x0000004d       0x4e Source\USER\src\tusb.o
 .comment       0x0000004d       0x4e Source\USER\usb_descriptors.o

.debug_frame    0x00000000     0x2d44
 .debug_frame   0x00000000      0x1bc Source\Device\MM32F327x\HAL_Lib\Src\hal_exti.o
 .debug_frame   0x000001bc      0x284 Source\Device\MM32F327x\HAL_Lib\Src\hal_gpio.o
 .debug_frame   0x00000440      0x960 Source\Device\MM32F327x\HAL_Lib\Src\hal_rcc.o
 .debug_frame   0x00000da0       0xc0 Source\Device\MM32F327x\Source\system_mm32f327x.o
 .debug_frame   0x00000e60      0x128 Source\HARDWARE\LED\exti.o
 .debug_frame   0x00000f88       0x34 Source\HARDWARE\LED\led.o
 .debug_frame   0x00000fbc       0xdc Source\SYSTEM\DELAY\delay.o
 .debug_frame   0x00001098      0x204 Source\USER\main.o
 .debug_frame   0x0000129c      0x118 Source\USER\msc_disk.o
 .debug_frame   0x000013b4      0x324 Source\USER\src\class\cdc\cdc_device.o
 .debug_frame   0x000016d8      0x1d8 Source\USER\src\class\msc\msc_device.o
 .debug_frame   0x000018b0      0x5fc Source\USER\src\common\tusb_fifo.o
 .debug_frame   0x00001eac      0x67c Source\USER\src\device\usbd.o
 .debug_frame   0x00002528      0x158 Source\USER\src\device\usbd_control.o
 .debug_frame   0x00002680      0x3a4 Source\USER\src\portable\mm32\dcd_mm32f327x_otg.o
 .debug_frame   0x00002a24       0x58 Source\USER\src\tusb.o
 .debug_frame   0x00002a7c       0x7c Source\USER\usb_descriptors.o
 .debug_frame   0x00002af8       0x2c c:/program files (x86)/gnu arm embedded toolchain/10 2020-q4-major/bin/../lib/gcc/arm-none-eabi/10.2.1/../../../../arm-none-eabi/lib/thumb/v7-m/nofp\libg.a(lib_a-init.o)
 .debug_frame   0x00002b24       0x40 c:/program files (x86)/gnu arm embedded toolchain/10 2020-q4-major/bin/../lib/gcc/arm-none-eabi/10.2.1/../../../../arm-none-eabi/lib/thumb/v7-m/nofp\libg.a(lib_a-memmove.o)
 .debug_frame   0x00002b64       0x2c c:/program files (x86)/gnu arm embedded toolchain/10 2020-q4-major/bin/../lib/gcc/arm-none-eabi/10.2.1/../../../../arm-none-eabi/lib/thumb/v7-m/nofp\libg.a(lib_a-memset.o)
 .debug_frame   0x00002b90       0x20 c:/program files (x86)/gnu arm embedded toolchain/10 2020-q4-major/bin/../lib/gcc/arm-none-eabi/10.2.1/../../../../arm-none-eabi/lib/thumb/v7-m/nofp\libg.a(lib_a-strlen-stub.o)
 .debug_frame   0x00002bb0       0x5c c:/program files (x86)/gnu arm embedded toolchain/10 2020-q4-major/bin/../lib/gcc/arm-none-eabi/10.2.1/../../../../arm-none-eabi/lib/thumb/v7-m/nofp\libg.a(lib_a-__call_atexit.o)
 .debug_frame   0x00002c0c       0x20 c:/program files (x86)/gnu arm embedded toolchain/10 2020-q4-major/bin/../lib/gcc/arm-none-eabi/10.2.1/../../../../arm-none-eabi/lib/thumb/v7-m/nofp\libg.a(lib_a-atexit.o)
 .debug_frame   0x00002c2c       0x34 c:/program files (x86)/gnu arm embedded toolchain/10 2020-q4-major/bin/../lib/gcc/arm-none-eabi/10.2.1/../../../../arm-none-eabi/lib/thumb/v7-m/nofp\libg.a(lib_a-fini.o)
 .debug_frame   0x00002c60       0xb0 c:/program files (x86)/gnu arm embedded toolchain/10 2020-q4-major/bin/../lib/gcc/arm-none-eabi/10.2.1/../../../../arm-none-eabi/lib/thumb/v7-m/nofp\libg.a(lib_a-lock.o)
 .debug_frame   0x00002d10       0x34 c:/program files (x86)/gnu arm embedded toolchain/10 2020-q4-major/bin/../lib/gcc/arm-none-eabi/10.2.1/../../../../arm-none-eabi/lib/thumb/v7-m/nofp\libg.a(lib_a-__atexit.o)
